Starting Backend Verification (Ensure FastAPI is running on localhost:8000)
Testing Root...
Status: 200
Response: {'Hello': 'World'}

Testing Chat/Analysis...
Status: 404
Error: 'NoneType' object is not subscriptable
