src/app/chatbot/ChatbotUI.tsx(206,35): error TS2339: Property 'doctor_list' does not exist on type '{ specialty: string; diagnosis: string; clinical_evaluation: any; home_remedies: any[]; medical_treatments: any[]; doctors: any[]; explainability_log: string; } | { specialty: any; diagnosis: any; ... 4 more ...; explainability_log: any; }'.
  Property 'doctor_list' does not exist on type '{ specialty: string; diagnosis: string; clinical_evaluation: any; home_remedies: any[]; medical_treatments: any[]; doctors: any[]; explainability_log: string; }'.
src/app/chatbot/ChatbotUI.tsx(206,68): error TS2339: Property 'doctor_list' does not exist on type '{ specialty: string; diagnosis: string; clinical_evaluation: any; home_remedies: any[]; medical_treatments: any[]; doctors: any[]; explainability_log: string; } | { specialty: any; diagnosis: any; ... 4 more ...; explainability_log: any; }'.
  Property 'doctor_list' does not exist on type '{ specialty: string; diagnosis: string; clinical_evaluation: any; home_remedies: any[]; medical_treatments: any[]; doctors: any[]; explainability_log: string; }'.
src/app/chatbot/ChatbotUI.tsx(206,88): error TS2339: Property 'doctor_list' does not exist on type '{ specialty: string; diagnosis: string; clinical_evaluation: any; home_remedies: any[]; medical_treatments: any[]; doctors: any[]; explainability_log: string; } | { specialty: any; diagnosis: any; ... 4 more ...; explainability_log: any; }'.
  Property 'doctor_list' does not exist on type '{ specialty: string; diagnosis: string; clinical_evaluation: any; home_remedies: any[]; medical_treatments: any[]; doctors: any[]; explainability_log: string; }'.
src/app/chatbot/ChatbotUI.tsx(206,118): error TS2339: Property 'doctor_list' does not exist on type '{ specialty: string; diagnosis: string; clinical_evaluation: any; home_remedies: any[]; medical_treatments: any[]; doctors: any[]; explainability_log: string; } | { specialty: any; diagnosis: any; ... 4 more ...; explainability_log: any; }'.
  Property 'doctor_list' does not exist on type '{ specialty: string; diagnosis: string; clinical_evaluation: any; home_remedies: any[]; medical_treatments: any[]; doctors: any[]; explainability_log: string; }'.
src/app/chatbot/ChatbotUI.tsx(207,42): error TS2339: Property 'doctor_list' does not exist on type '{ specialty: string; diagnosis: string; clinical_evaluation: any; home_remedies: any[]; medical_treatments: any[]; doctors: any[]; explainability_log: string; } | { specialty: any; diagnosis: any; ... 4 more ...; explainability_log: any; }'.
  Property 'doctor_list' does not exist on type '{ specialty: string; diagnosis: string; clinical_evaluation: any; home_remedies: any[]; medical_treatments: any[]; doctors: any[]; explainability_log: string; }'.
src/app/chatbot/ChatbotUI.tsx(207,75): error TS2339: Property 'doctor_list' does not exist on type '{ specialty: string; diagnosis: string; clinical_evaluation: any; home_remedies: any[]; medical_treatments: any[]; doctors: any[]; explainability_log: string; } | { specialty: any; diagnosis: any; ... 4 more ...; explainability_log: any; }'.
  Property 'doctor_list' does not exist on type '{ specialty: string; diagnosis: string; clinical_evaluation: any; home_remedies: any[]; medical_treatments: any[]; doctors: any[]; explainability_log: string; }'.
src/app/chatbot/ChatbotUI.tsx(207,95): error TS2339: Property 'doctor_list' does not exist on type '{ specialty: string; diagnosis: string; clinical_evaluation: any; home_remedies: any[]; medical_treatments: any[]; doctors: any[]; explainability_log: string; } | { specialty: any; diagnosis: any; ... 4 more ...; explainability_log: any; }'.
  Property 'doctor_list' does not exist on type '{ specialty: string; diagnosis: string; clinical_evaluation: any; home_remedies: any[]; medical_treatments: any[]; doctors: any[]; explainability_log: string; }'.
src/app/chatbot/ChatbotUI.tsx(232,12): error TS2451: Cannot redeclare block-scoped variable 'treatmentTab'.
src/app/chatbot/ChatbotUI.tsx(232,26): error TS2451: Cannot redeclare block-scoped variable 'setTreatmentTab'.
src/app/chatbot/ChatbotUI.tsx(350,12): error TS2451: Cannot redeclare block-scoped variable 'treatmentTab'.
src/app/chatbot/ChatbotUI.tsx(350,26): error TS2451: Cannot redeclare block-scoped variable 'setTreatmentTab'.
src/app/chatbot/ChatbotUI.tsx(1238,62): error TS2304: Cannot find name 'Search'.
